Copyright 1986-2015 Xilinx, Inc. All Rights Reserved.
------------------------------------------------------------------------------------
| Tool Version : Vivado v.2015.2 (win64) Build 1266856 Fri Jun 26 16:35:25 MDT 2015
| Date         : Mon Dec 18 00:35:02 2017
| Host         : EALAB01 running 64-bit Service Pack 1  (build 7601)
| Command      : report_control_sets -verbose -file top_control_sets_placed.rpt
| Design       : top
| Device       : xc7a35t
------------------------------------------------------------------------------------

Control Set Information

Table of Contents
-----------------
1. Summary
2. Flip-Flop Distribution
3. Detailed Control Set Information

1. Summary
----------

+-------------------------------------------------------------------+-------+
|                               Status                              | Count |
+-------------------------------------------------------------------+-------+
| Number of unique control sets                                     |    10 |
| Minimum Number of register sites lost to control set restrictions |    44 |
+-------------------------------------------------------------------+-------+


2. Flip-Flop Distribution
-------------------------

+--------------+-----------------------+------------------------+-----------------+--------------+
| Clock Enable | Synchronous Set/Reset | Asynchronous Set/Reset | Total Registers | Total Slices |
+--------------+-----------------------+------------------------+-----------------+--------------+
| No           | No                    | No                     |              58 |           21 |
| No           | No                    | Yes                    |              18 |            3 |
| No           | Yes                   | No                     |              29 |            8 |
| Yes          | No                    | No                     |              21 |            8 |
| Yes          | No                    | Yes                    |               4 |            2 |
| Yes          | Yes                   | No                     |              26 |            7 |
+--------------+-----------------------+------------------------+-----------------+--------------+


3. Detailed Control Set Information
-----------------------------------

+----------------+----------------------------------------------------+--------------------------------------------------+------------------+----------------+
|  Clock Signal  |                    Enable Signal                   |                 Set/Reset Signal                 | Slice Load Count | Bel Load Count |
+----------------+----------------------------------------------------+--------------------------------------------------+------------------+----------------+
|  clk_IBUF_BUFG | steppermotor_wrapper_inst0/rotation_duration_saved |                                                  |                1 |              4 |
|  clk_IBUF_BUFG | press_cont_inst0/direction_reg[0]                  |                                                  |                2 |              4 |
|  clk_IBUF_BUFG | keypad4X4_inst0/FSM_onehot_row[4]_i_1_n_0          |                                                  |                2 |              4 |
|  clk_IBUF_BUFG | comp_cont_inst0/in0[3]_i_1_n_0                     | reset_IBUF                                       |                2 |              4 |
|  clk_IBUF_BUFG | keypad4X4_inst0/count_deb                          | keypad4X4_inst0/count_deb[5]_i_1_n_0             |                2 |              6 |
|  clk_IBUF_BUFG | keypad4X4_inst0/clk_en2                            |                                                  |                3 |              9 |
|  clk_IBUF_BUFG |                                                    | reset_IBUF                                       |                3 |             18 |
|  clk_IBUF_BUFG | steppermotor_wrapper_inst0/stepmotor_inst0/sel     | steppermotor_wrapper_inst0/stepmotor_inst0/clear |                5 |             20 |
|  clk_IBUF_BUFG |                                                    | steppermotor_wrapper_inst0/count[28]_i_1_n_0     |                8 |             29 |
|  clk_IBUF_BUFG |                                                    |                                                  |               21 |             58 |
+----------------+----------------------------------------------------+--------------------------------------------------+------------------+----------------+


